
> net-flex@0.1.0 build
> vite build

[36mvite v7.3.1 [32mbuilding client environment for production...[36m[39m
transforming...
node.exe : 
At line:1 char:1
+ & "C:\Program Files\nodejs/node.exe" 
"C:\Program Files\nodejs/node_mo ...
+ ~~~~~~~~~~~~~~~~~~~~~~~~~~~~~~~~~~~~~~~~~~~~~
~~~~~~~~~~~~~~~~~~~~~~~~
    + CategoryInfo          : NotSpecified: (: 
   String) [], RemoteException
    + FullyQualifiedErrorId : NativeCommandErr 
   or
 
[1m[33mwarn[39m[22m - The `darkMode` 
option in your Tailwind CSS configuration is 
set to `false`, which now behaves the same as 
`media`.
[1m[33mwarn[39m[22m - Change `darkMode` to 
`media` or remove it entirely.
[1m[33mwarn[39m[22m - https://tailwindcss.c
om/docs/upgrade-guide#remove-dark-mode-configur
ation
[32mΓ£ô[39m 6 modules transformed.
[31mΓ£ù[39m Build failed in 517ms
[31merror during build:
[31m[vite:esbuild] Transform failed with 3 
errors:
C:/Users/saxen/Dipansh/NetFlex/src/App.jsx:40:8
: ERROR: Unexpected closing "Route" tag does 
not match opening "Router" tag
C:/Users/saxen/Dipansh/NetFlex/src/App.jsx:42:6
: ERROR: Unexpected closing "Switch" tag does 
not match opening "div" tag
C:/Users/saxen/Dipansh/NetFlex/src/App.jsx:43:1
6: ERROR: Unterminated regular expression[31m
file: [36mC:/Users/saxen/Dipansh/NetFlex/src/A
pp.jsx:40:8[31m
[33m
[33mUnexpected closing "Route" tag does not 
match opening "Router" tag[33m
38 |      <div className="app">
39 |        <Router>
40 |        </Route>
   |          ^
41 |  
42 |      </Switch>

[33mUnexpected closing "Switch" tag does not 
match opening "div" tag[33m
40 |        </Route>
41 |  
42 |      </Switch>
   |        ^
43 |        </Router >
44 |      </>

[33mUnterminated regular expression[33m
41 |  
42 |      </Switch>
43 |        </Router >
   |                  ^
44 |      </>
45 |    )
[31m
    at failureErrorWithLog (C:\Users\saxen\Dipa
nsh\NetFlex\node_modules\esbuild\lib\main.js:14
67:15)
    at C:\Users\saxen\Dipansh\NetFlex\node_modu
les\esbuild\lib\main.js:736:50
    at responseCallbacks.<computed> (C:\Users\s
axen\Dipansh\NetFlex\node_modules\esbuild\lib\m
ain.js:603:9)
    at handleIncomingPacket (C:\Users\saxen\Dip
ansh\NetFlex\node_modules\esbuild\lib\main.js:6
58:12)
    at Socket.readFromStdout (C:\Users\saxen\Di
pansh\NetFlex\node_modules\esbuild\lib\main.js:
581:7)
    at Socket.emit (node:events:508:28)
    at addChunk 
(node:internal/streams/readable:559:12)
    at readableAddChunkPushByteMode 
(node:internal/streams/readable:510:3)
    at Readable.push 
(node:internal/streams/readable:390:5)
    at Pipe.onStreamRead 
(node:internal/stream_base_commons:189:23)[39m
